C:\Users\Bindudhara D\Downloads\ATLAS_FINAL_MULTI_VISION_FIXED\DataEntry - Copy
============================= test session starts =============================
platform win32 -- Python 3.10.11, pytest-7.4.4, pluggy-1.6.0
rootdir: C:\Users\Bindudhara D\Downloads\ATLAS_FINAL_MULTI_VISION_FIXED\DataEntry - Copy
plugins: anyio-4.12.1, hypothesis-6.92.1, langsmith-0.8.8, asyncio-0.23.3, cov-4.1.0
asyncio: mode=strict
collected 747 items

tests\test_attach.py .............                                       [  1%]
tests\test_clipboard.py ...                                              [  2%]
tests\test_config.py .......                                             [  3%]
tests\test_controller.py ......                                          [  3%]
tests\test_controls.py ....................                              [  6%]
tests\test_discovery_budget.py ................                          [  8%]
tests\test_events.py ....                                                [  9%]
tests\test_executor.py ..................                                [ 11%]
tests\test_field_cv.py .......                                           [ 12%]
tests\test_field_engine.py ...........................................   [ 18%]
tests\test_hotkeys.py ...                                                [ 18%]
tests\test_ledger_audit.py ........                                      [ 19%]
tests\test_logging.py ......                                             [ 20%]
tests\test_loop_audit.py ......                                          [ 21%]
tests\test_mapping.py .................                                  [ 23%]
tests\test_member_gating_fix.py ............                             [ 25%]
tests\test_memory.py .......                                             [ 26%]
tests\test_models.py .......                                             [ 27%]
tests\test_mpf_diagnostic.py ...........                                 [ 28%]
tests\test_mpf_integration.py .....                                      [ 29%]
tests\test_no_unnecessary_launch.py ...........                          [ 30%]
tests\test_overflow_scroll.py ......                                     [ 31%]
tests\test_perception.py .......                                         [ 32%]
tests\test_planner.py .........                                          [ 33%]
tests\test_plugin_scroll_override.py ....                                [ 34%]
tests\test_preprocess.py .........                                       [ 35%]
tests\test_record_builder.py ..........                                  [ 36%]
tests\test_sandbox.py ...............                                    [ 38%]
tests\test_scroll.py .................                                   [ 41%]
tests\test_scroll_failsafe.py ...                                        [ 41%]
tests\test_scroll_into_view_lock.py ........                             [ 42%]
tests\test_scroller.py ..................                                [ 44%]
tests\test_sections.py ....                                              [ 45%]
tests\test_single_form.py .......                                        [ 46%]
tests\test_source_contamination.py .......                               [ 47%]
tests\test_source_observer.py .......................                    [ 50%]
tests\test_source_pipeline_fix.py ..................                     [ 52%]
tests\test_stable_map.py ..................                              [ 55%]
tests\test_states.py .........                                           [ 56%]
tests\test_target_field.py ....                                          [ 57%]
tests\test_uia_flow.py ............................                      [ 60%]
tests\test_uia_read.py ......................                            [ 63%]
tests\test_uia_scroll_pattern.py ....                                    [ 64%]
tests\test_uia_select.py ..................                              [ 66%]
tests\test_universal_attach.py ............                              [ 68%]
tests\test_universal_classifier.py ........                              [ 69%]
tests\test_universal_detector.py ..........                              [ 70%]
tests\test_universal_form_engine.py .......                              [ 71%]
tests\test_universal_learning.py ........                                [ 72%]
tests\test_universal_models.py ......                                    [ 73%]
tests\test_universal_performance.py ......                               [ 74%]
tests\test_universal_restart_policy.py ..........                        [ 75%]
tests\test_universal_smart_wait.py ........                              [ 76%]
tests\test_value_shape.py ..............                                 [ 78%]
tests\test_verification.py ...................                           [ 81%]
tests\test_verification_read_recovery.py ...                             [ 81%]
tests\test_verify.py ...........................                         [ 85%]
tests\test_verify_and_dropdown_recovery.py ......                        [ 85%]
tests\test_viewport.py ..........                                        [ 87%]
tests\test_vision_manager.py ..............                              [ 89%]
tests\test_vision_provider_safety.py ...........                         [ 90%]
tests\test_vision_provider_visibility.py .....FF.                        [ 91%]
tests\test_watchdog.py .........                                         [ 92%]
tests\test_web.py ...                                                    [ 93%]
tests\test_web_browser_discovery.py ........                             [ 94%]
tests\test_web_cdp.py ......                                             [ 95%]
tests\test_web_fields.py ............                                    [ 96%]
tests\test_web_tabs.py .....                                             [ 97%]
tests\test_workflow.py ...................                               [100%]

================================== FAILURES ===================================
______________ test_doctor_command_prints_vision_provider_status ______________
tests\test_vision_provider_visibility.py:94: in test_doctor_command_prints_vision_provider_status
    result = subprocess.run(
..\..\..\AppData\Local\Programs\Python\Python310\lib\subprocess.py:505: in run
    stdout, stderr = process.communicate(input, timeout=timeout)
..\..\..\AppData\Local\Programs\Python\Python310\lib\subprocess.py:1154: in communicate
    stdout, stderr = self._communicate(input, endtime, timeout)
..\..\..\AppData\Local\Programs\Python\Python310\lib\subprocess.py:1546: in _communicate
    raise TimeoutExpired(self.args, orig_timeout)
E   subprocess.TimeoutExpired: Command '['C:\\Users\\Bindudhara D\\AppData\\Local\\Programs\\Python\\Python310\\python.exe', 'C:\\Users\\Bindudhara D\\Downloads\\ATLAS_FINAL_MULTI_VISION_FIXED\\DataEntry - Copy\\main.py', 'doctor']' timed out after 30 seconds
____________ test_dotenv_loads_from_project_root_regardless_of_cwd ____________
tests\test_vision_provider_visibility.py:111: in test_dotenv_loads_from_project_root_regardless_of_cwd
    assert not env_path.exists(), "a real .env must never be committed to the repo"
E   AssertionError: a real .env must never be committed to the repo
E   assert not True
E    +  where True = <bound method Path.exists of WindowsPath('C:/Users/Bindudhara D/Downloads/ATLAS_FINAL_MULTI_VISION_FIXED/DataEntry - Copy/.env')>()
E    +    where <bound method Path.exists of WindowsPath('C:/Users/Bindudhara D/Downloads/ATLAS_FINAL_MULTI_VISION_FIXED/DataEntry - Copy/.env')> = WindowsPath('C:/Users/Bindudhara D/Downloads/ATLAS_FINAL_MULTI_VISION_FIXED/DataEntry - Copy/.env').exists
=========================== short test summary info ===========================
FAILED tests/test_vision_provider_visibility.py::test_doctor_command_prints_vision_provider_status
FAILED tests/test_vision_provider_visibility.py::test_dotenv_loads_from_project_root_regardless_of_cwd
================== 2 failed, 745 passed in 377.99s (0:06:17) ==================
